#添加日志 20220725
第一次使用 git commit -m "first commit" 

#添加日志 20220725
第二次使用 git commit -m "second commit"